Archive member included to satisfy reference by file (symbol)

.pio\build\uno_debug\libffb\libServo.a(Servo.cpp.o)
                              .pio\build\uno_debug\src\hal\servo_pan.cpp.o (symbol from plugin) (_ZN5ServoC1Ev)
.pio\build\uno_debug\lib31e\libWire.a(Wire.cpp.o)
                              .pio\build\uno_debug\src\hal\imu_mpu6050.cpp.o (symbol from plugin) (_ZN7TwoWire4readEv)
.pio\build\uno_debug\lib31e\libWire.a(twi.c.o)
                              Wire.cpp.o (symbol from plugin) (twi_init)
.pio\build\uno_debug\libFrameworkArduino.a(HardwareSerial.cpp.o)
                              .pio\build\uno_debug\src\main.cpp.o (symbol from plugin) (_ZN14HardwareSerial9availableEv)
.pio\build\uno_debug\libFrameworkArduino.a(HardwareSerial0.cpp.o)
                              .pio\build\uno_debug\src\core\init_sequence.cpp.o (symbol from plugin) (Serial)
.pio\build\uno_debug\libFrameworkArduino.a(Print.cpp.o)
                              Wire.cpp.o (symbol from plugin) (_ZN5Print5writeEPKhj)
.pio\build\uno_debug\libFrameworkArduino.a(WInterrupts.c.o)
                              .pio\build\uno_debug\src\hal\mode_button.cpp.o (symbol from plugin) (attachInterrupt)
.pio\build\uno_debug\libFrameworkArduino.a(WMath.cpp.o)
                              Servo.cpp.o (symbol from plugin) (_Z3maplllll)
.pio\build\uno_debug\libFrameworkArduino.a(abi.cpp.o)
                              Wire.cpp.o (symbol from plugin) (__cxa_pure_virtual)
.pio\build\uno_debug\libFrameworkArduino.a(main.cpp.o)
                              c:/users/phara/.platformio/packages/toolchain-atmelavr/bin/../lib/gcc/avr/7.3.0/../../../../avr/lib/avr5/crtatmega328p.o (main)
.pio\build\uno_debug\libFrameworkArduino.a(wiring.c.o)
                              .pio\build\uno_debug\src\core\init_sequence.cpp.o (symbol from plugin) (millis)
.pio\build\uno_debug\libFrameworkArduino.a(wiring_analog.c.o)
                              .pio\build\uno_debug\src\hal\battery_monitor.cpp.o (symbol from plugin) (analogRead)
.pio\build\uno_debug\libFrameworkArduino.a(wiring_digital.c.o)
                              .pio\build\uno_debug\src\hal\battery_monitor.cpp.o (symbol from plugin) (pinMode)
.pio\build\uno_debug\libFrameworkArduino.a(wiring_pulse.c.o)
                              .pio\build\uno_debug\src\hal\ultrasonic.cpp.o (symbol from plugin) (pulseIn)
.pio\build\uno_debug\libFrameworkArduino.a(hooks.c.o)
                              wiring.c.o (symbol from plugin) (yield)
.pio\build\uno_debug\libFrameworkArduino.a(wiring_pulse.S.o)
                              wiring_pulse.c.o (symbol from plugin) (countPulseASM)
c:/users/phara/.platformio/packages/toolchain-atmelavr/bin/../lib/gcc/avr/7.3.0/avr5\libgcc.a(_exit.o)
                              c:/users/phara/.platformio/packages/toolchain-atmelavr/bin/../lib/gcc/avr/7.3.0/../../../../avr/lib/avr5/crtatmega328p.o (exit)
c:/users/phara/.platformio/packages/toolchain-atmelavr/bin/../lib/gcc/avr/7.3.0/../../../../avr/lib/avr5\libc.a(malloc.o)
                              .pio\build\uno_debug\src\main.cpp.o (symbol from plugin) (__brkval)
c:/users/phara/.platformio/packages/toolchain-atmelavr/bin/../lib/gcc/avr/7.3.0/../../../../avr/lib/avr5\libc.a(random.o)
                              WMath.cpp.o (symbol from plugin) (random)
c:/users/phara/.platformio/packages/toolchain-atmelavr/bin/../lib/gcc/avr/7.3.0/../../../../avr/lib/avr5\libc.a(atoi.o)
                              .pio\build\uno_debug\src\serial\frame_parser.cpp.o (symbol from plugin) (atoi)
c:/users/phara/.platformio/packages/toolchain-atmelavr/bin/../lib/gcc/avr/7.3.0/../../../../avr/lib/avr5\libc.a(atol.o)
                              .pio\build\uno_debug\src\serial\frame_parser.cpp.o (symbol from plugin) (atol)
c:/users/phara/.platformio/packages/toolchain-atmelavr/bin/../lib/gcc/avr/7.3.0/../../../../avr/lib/avr5\libc.a(mulsi10.o)
                              c:/users/phara/.platformio/packages/toolchain-atmelavr/bin/../lib/gcc/avr/7.3.0/../../../../avr/lib/avr5\libc.a(atol.o) (__mulsi_const_10)
c:/users/phara/.platformio/packages/toolchain-atmelavr/bin/../lib/gcc/avr/7.3.0/../../../../avr/lib/avr5\libc.a(mul10.o)
                              c:/users/phara/.platformio/packages/toolchain-atmelavr/bin/../lib/gcc/avr/7.3.0/../../../../avr/lib/avr5\libc.a(atoi.o) (__mulhi_const_10)
c:/users/phara/.platformio/packages/toolchain-atmelavr/bin/../lib/gcc/avr/7.3.0/avr5\libgcc.a(_divmodsi4.o)
                              c:/users/phara/.platformio/packages/toolchain-atmelavr/bin/../lib/gcc/avr/7.3.0/../../../../avr/lib/avr5\libc.a(random.o) (__divmodsi4)
c:/users/phara/.platformio/packages/toolchain-atmelavr/bin/../lib/gcc/avr/7.3.0/avr5\libgcc.a(_negsi2.o)
                              c:/users/phara/.platformio/packages/toolchain-atmelavr/bin/../lib/gcc/avr/7.3.0/avr5\libgcc.a(_divmodsi4.o) (__negsi2)
[...]
Memory Configuration

Name             Origin             Length             Attributes
text             0x00000000         0x00020000         xr
data             0x00800060         0x0000ffa0         rw !x
eeprom           0x00810000         0x00010000         rw !x
fuse             0x00820000         0x00000003         rw !x
lock             0x00830000         0x00000400         rw !x
signature        0x00840000         0x00000400         rw !x
user_signatures  0x00850000         0x00000400         rw !x
*default*        0x00000000         0xffffffff

Linker script and memory map

Address of section .data set to 0x800100
LOAD c:/users/phara/.platformio/packages/toolchain-atmelavr/bin/../lib/gcc/avr/7.3.0/../../../../avr/lib/avr5/crtatmega328p.o
LOAD .pio\build\uno_debug\src\behavior\command_handler.cpp.o
LOAD C:\Users\phara\AppData\Local\Temp\ccYtABos.ltrans0.ltrans.o
LOAD .pio\build\uno_debug\src\core\init_sequence.cpp.o
LOAD .pio\build\uno_debug\src\core\scheduler.cpp.o
LOAD .pio\build\uno_debug\src\hal\battery_monitor.cpp.o
LOAD .pio\build\uno_debug\src\hal\imu_mpu6050.cpp.o
LOAD .pio\build\uno_debug\src\hal\ir_receiver.cpp.o
LOAD .pio\build\uno_debug\src\hal\line_sensor.cpp.o
LOAD .pio\build\uno_debug\src\hal\mode_button.cpp.o
LOAD .pio\build\uno_debug\src\hal\motor_tb6612.cpp.o
LOAD .pio\build\uno_debug\src\hal\servo_pan.cpp.o
LOAD .pio\build\uno_debug\src\hal\status_led.cpp.o
LOAD .pio\build\uno_debug\src\hal\ultrasonic.cpp.o
LOAD .pio\build\uno_debug\src\legacy\elegoo_command_router.cpp.o
LOAD .pio\build\uno_debug\src\main.cpp.o
LOAD .pio\build\uno_debug\src\motion\drive_safety_layer.cpp.o
LOAD .pio\build\uno_debug\src\motion\macro_engine.cpp.o
LOAD .pio\build\uno_debug\src\motion\motion_controller.cpp.o
LOAD .pio\build\uno_debug\src\motion\safety.cpp.o
LOAD .pio\build\uno_debug\src\protocol\crc16.cpp.o
LOAD .pio\build\uno_debug\src\protocol\protocol_decode.cpp.o
LOAD .pio\build\uno_debug\src\protocol\protocol_encode.cpp.o
LOAD .pio\build\uno_debug\src\self_test.cpp.o
LOAD .pio\build\uno_debug\src\serial\frame_parser.cpp.o
LOAD .pio\build\uno_debug\src\serial\json_protocol.cpp.o
START GROUP
LOAD .pio\build\uno_debug\libffb\libServo.a
LOAD .pio\build\uno_debug\lib31e\libWire.a
LOAD .pio\build\uno_debug\libFrameworkArduinoVariant.a
LOAD .pio\build\uno_debug\libFrameworkArduino.a
END GROUP
LOAD c:/users/phara/.platformio/packages/toolchain-atmelavr/bin/../lib/gcc/avr/7.3.0/avr5\libgcc.a
LOAD c:/users/phara/.platformio/packages/toolchain-atmelavr/bin/../lib/gcc/avr/7.3.0/../../../../avr/lib/avr5\libm.a
START GROUP
LOAD c:/users/phara/.platformio/packages/toolchain-atmelavr/bin/../lib/gcc/avr/7.3.0/avr5\libgcc.a
LOAD c:/users/phara/.platformio/packages/toolchain-atmelavr/bin/../lib/gcc/avr/7.3.0/../../../../avr/lib/avr5\libm.a
LOAD c:/users/phara/.platformio/packages/toolchain-atmelavr/bin/../lib/gcc/avr/7.3.0/../../../../avr/lib/avr5\libc.a
LOAD c:/users/phara/.platformio/packages/toolchain-atmelavr/bin/../lib/gcc/avr/7.3.0/../../../../avr/lib/avr5\libatmega328p.a
END GROUP
                0x00020000                __TEXT_REGION_LENGTH__ = DEFINED (__TEXT_REGION_LENGTH__)?__TEXT_REGION_LENGTH__:0x20000
                0x0000ffa0                __DATA_REGION_LENGTH__ = DEFINED (__DATA_REGION_LENGTH__)?__DATA_REGION_LENGTH__:0xffa0
                0x00010000                __EEPROM_REGION_LENGTH__ = DEFINED (__EEPROM_REGION_LENGTH__)?__EEPROM_REGION_LENGTH__:0x10000
                [0x00000003]                __FUSE_REGION_LENGTH__ = DEFINED (__FUSE_REGION_LENGTH__)?__FUSE_REGION_LENGTH__:0x400
                0x00000400                __LOCK_REGION_LENGTH__ = DEFINED (__LOCK_REGION_LENGTH__)?__LOCK_REGION_LENGTH__:0x400
                0x00000400                __SIGNATURE_REGION_LENGTH__ = DEFINED (__SIGNATURE_REGION_LENGTH__)?__SIGNATURE_REGION_LENGTH__:0x400
                0x00000400                __USER_SIGNATURE_REGION_LENGTH__ = DEFINED (__USER_SIGNATURE_REGION_LENGTH__)?__USER_SIGNATURE_REGION_LENGTH__:0x400
                0x00800060                __DATA_REGION_ORIGIN__ = DEFINED (__DATA_REGION_ORIGIN__)?__DATA_REGION_ORIGIN__:0x800060

.hash
 *(.hash)

.dynsym
 *(.dynsym)

.dynstr
 *(.dynstr)

.gnu.version
 *(.gnu.version)

.gnu.version_d
 *(.gnu.version_d)

.gnu.version_r
 *(.gnu.version_r)

.rel.init
 *(.rel.init)

.rela.init
 *(.rela.init)

.rel.text
 *(.rel.text)
 *(.rel.text.*)
 *(.rel.gnu.linkonce.t*)

.rela.text
 *(.rela.text)
 *(.rela.text.*)
 *(.rela.gnu.linkonce.t*)

.rel.fini
 *(.rel.fini)

.rela.fini
 *(.rela.fini)

.rel.rodata
 *(.rel.rodata)
 *(.rel.rodata.*)
 *(.rel.gnu.linkonce.r*)

.rela.rodata
 *(.rela.rodata)
 *(.rela.rodata.*)
 *(.rela.gnu.linkonce.r*)

.rel.data
 *(.rel.data)
 *(.rel.data.*)
 *(.rel.gnu.linkonce.d*)

.rela.data
 *(.rela.data)
 *(.rela.data.*)
 *(.rela.gnu.linkonce.d*)

.rel.ctors
 *(.rel.ctors)

.rela.ctors
 *(.rela.ctors)

.rel.dtors
 *(.rel.dtors)

.rela.dtors
 *(.rela.dtors)

.rel.got
 *(.rel.got)

.rela.got
 *(.rela.got)

.rel.bss
 *(.rel.bss)

.rela.bss
 *(.rela.bss)

.rel.plt
 *(.rel.plt)

.rela.plt
 *(.rela.plt)

.text           0x00000000     0xe45a
 *(.vectors)
 .vectors       0x00000000       0x68 c:/users/phara/.platformio/packages/toolchain-atmelavr/bin/../lib/gcc/avr/7.3.0/../../../../avr/lib/avr5/crtatmega328p.o
                0x00000000                __vector_default
                0x00000000                __vectors
 *(.vectors)
 *(.progmem.gcc*)
                0x00000068                . = ALIGN (0x2)
                0x00000068                __trampolines_start = .
 *(.trampolines)
 .trampolines   0x00000068        0x0 linker stubs
 *(.trampolines*)
                0x00000068                __trampolines_end = .
 *libprintf_flt.a:*(.progmem.data)
 *libc.a:*(.progmem.data)
 *(.progmem*)
 .progmem.data  0x00000068      0x18e C:\Users\phara\AppData\Local\Temp\ccYtABos.ltrans0.ltrans.o
                0x000001f6                . = ALIGN (0x2)
 *(.jumptables)
 *(.jumptables*)
 *(.lowtext)
 *(.lowtext*)
                0x000001f6                __ctors_start = .
 *(.ctors)
 .ctors         0x000001f6        0xa C:\Users\phara\AppData\Local\Temp\ccYtABos.ltrans0.ltrans.o
                0x00000200                __ctors_end = .
                0x00000200                __dtors_start = .
 *(.dtors)
                0x00000200                __dtors_end = .
 SORT(*)(.ctors)
 SORT(*)(.dtors)
 *(.init0)
 .init0         0x00000200        0x0 c:/users/phara/.platformio/packages/toolchain-atmelavr/bin/../lib/gcc/avr/7.3.0/../../../../avr/lib/avr5/crtatmega328p.o
                0x00000200                __init
 *(.init0)
 *(.init1)
 *(.init1)
 *(.init2)
 .init2         0x00000200        0xc c:/users/phara/.platformio/packages/toolchain-atmelavr/bin/../lib/gcc/avr/7.3.0/../../../../avr/lib/avr5/crtatmega328p.o
 *(.init2)
 *(.init3)
 *(.init3)
 *(.init4)
 .init4         0x0000020c       0x16 c:/users/phara/.platformio/packages/toolchain-atmelavr/bin/../lib/gcc/avr/7.3.0/avr5\libgcc.a(_copy_data.o)
                0x0000020c                __do_copy_data
 .init4         0x00000222       0x10 c:/users/phara/.platformio/packages/toolchain-atmelavr/bin/../lib/gcc/avr/7.3.0/avr5\libgcc.a(_clear_bss.o)
                0x00000222                __do_clear_bss
 *(.init4)
 *(.init5)
 *(.init5)
 *(.init6)
 .init6         0x00000232       0x16 c:/users/phara/.platformio/packages/toolchain-atmelavr/bin/../lib/gcc/avr/7.3.0/avr5\libgcc.a(_ctors.o)
                0x00000232                __do_global_ctors
 *(.init6)
 *(.init7)
 *(.init7)
 *(.init8)
 *(.init8)
 *(.init9)
 .init9         0x00000248        0x8 c:/users/phara/.platformio/packages/toolchain-atmelavr/bin/../lib/gcc/avr/7.3.0/../../../../avr/lib/avr5/crtatmega328p.o
 *(.init9)
 *(.text)
 .text          0x00000250        0x4 c:/users/phara/.platformio/packages/toolchain-atmelavr/bin/../lib/gcc/avr/7.3.0/../../../../avr/lib/avr5/crtatmega328p.o
                0x00000250                __vector_22
                0x00000250                __vector_12
                0x00000250                __bad_interrupt
                0x00000250                __vector_6
                0x00000250                __vector_3
                0x00000250                __vector_23
                0x00000250                __vector_25
                0x00000250                __vector_13
                0x00000250                __vector_17
                0x00000250                __vector_7
                0x00000250                __vector_5
                0x00000250                __vector_4
                0x00000250                __vector_9
                0x00000250                __vector_21
                0x00000250                __vector_15
                0x00000250                __vector_8
                0x00000250                __vector_14
                0x00000250                __vector_10
                0x00000250                __vector_20
 .text          0x00000254     0xd384 C:\Users\phara\AppData\Local\Temp\ccYtABos.ltrans0.ltrans.o
                0x00008c0e                __vector_11
                0x0000a6ba                __vector_24
                0x0000b434                __vector_18
                0x0000b48c                __vector_19
                0x0000c460                __vector_1
                0x0000c4bc                __vector_2
                0x0000c7f4                main
                0x0000c812                __vector_16
 .text          0x0000d5d8       0x8a .pio\build\uno_debug\libFrameworkArduino.a(wiring_pulse.S.o)
                0x0000d5d8                countPulseASM
                0x0000d662                . = ALIGN (0x2)
 *(.text.*)
 .text.avr-libc
                0x0000d662      0x148 c:/users/phara/.platformio/packages/toolchain-atmelavr/bin/../lib/gcc/avr/7.3.0/../../../../avr/lib/avr5\libc.a(random.o)
                0x0000d662                random_r
                0x0000d6fa                random
                0x0000d798                srandom
 .text.avr-libc
                0x0000d7aa       0x3c c:/users/phara/.platformio/packages/toolchain-atmelavr/bin/../lib/gcc/avr/7.3.0/../../../../avr/lib/avr5\libc.a(atoi.o)
                0x0000d7aa                atoi
 .text.avr-libc
                0x0000d7e6       0x4e c:/users/phara/.platformio/packages/toolchain-atmelavr/bin/../lib/gcc/avr/7.3.0/../../../../avr/lib/avr5\libc.a(atol.o)
                0x0000d7e6                atol
 .text.avr-libc
                0x0000d834       0x2a c:/users/phara/.platformio/packages/toolchain-atmelavr/bin/../lib/gcc/avr/7.3.0/../../../../avr/lib/avr5\libc.a(mulsi10.o)
                0x0000d834                __mulsi_const_10
 .text.avr-libc
                0x0000d85e       0x10 c:/users/phara/.platformio/packages/toolchain-atmelavr/bin/../lib/gcc/avr/7.3.0/../../../../avr/lib/avr5\libc.a(mul10.o)
                0x0000d85e                __mulhi_const_10
 .text.libgcc.div
                0x0000d86e       0x2e c:/users/phara/.platformio/packages/toolchain-atmelavr/bin/../lib/gcc/avr/7.3.0/avr5\libgcc.a(_divmodsi4.o)
                0x0000d86e                __divmodsi4
 .text.libgcc.div
                0x0000d89c       0x10 c:/users/phara/.platformio/packages/toolchain-atmelavr/bin/../lib/gcc/avr/7.3.0/avr5\libgcc.a(_negsi2.o)
                0x0000d89c                __negsi2
 .text.libgcc.mul
                0x0000d8ac       0x16 c:/users/phara/.platformio/packages/toolchain-atmelavr/bin/../lib/gcc/avr/7.3.0/avr5\libgcc.a(_muluhisi3.o)
                0x0000d8ac                __muluhisi3
 .text.libgcc.mul
                0x0000d8c2       0x10 c:/users/phara/.platformio/packages/toolchain-atmelavr/bin/../lib/gcc/avr/7.3.0/avr5\libgcc.a(_mulshisi3.o)
                0x0000d8c2                __mulshisi3
                0x0000d8c8                __mulohisi3
 .text.libgcc.div
                0x0000d8d2       0x44 c:/users/phara/.platformio/packages/toolchain-atmelavr/bin/../lib/gcc/avr/7.3.0/avr5\libgcc.a(_udivmodsi4.o)
                0x0000d8d2                __udivmodsi4
 .text.libgcc.mul
                0x0000d916       0x1e c:/users/phara/.platformio/packages/toolchain-atmelavr/bin/../lib/gcc/avr/7.3.0/avr5\libgcc.a(_umulhisi3.o)
                0x0000d916                __umulhisi3
 .text.libgcc.mul
                0x0000d934       0x20 c:/users/phara/.platformio/packages/toolchain-atmelavr/bin/../lib/gcc/avr/7.3.0/avr5\libgcc.a(_mulsi3.o)
                0x0000d934                __mulsi3
 .text.libgcc.div
                0x0000d954       0x28 c:/users/phara/.platformio/packages/toolchain-atmelavr/bin/../lib/gcc/avr/7.3.0/avr5\libgcc.a(_divmodhi4.o)
                0x0000d954                _div
                0x0000d954                __divmodhi4
 .text.libgcc   0x0000d97c        0xc c:/users/phara/.platformio/packages/toolchain-atmelavr/bin/../lib/gcc/avr/7.3.0/avr5\libgcc.a(_tablejump2.o)
                0x0000d97c                __tablejump2__
 .text.libgcc.div
                0x0000d988       0x28 c:/users/phara/.platformio/packages/toolchain-atmelavr/bin/../lib/gcc/avr/7.3.0/avr5\libgcc.a(_udivmodhi4.o)
                0x0000d988                __udivmodhi4
 .text.avr-libc.fplib
                0x0000d9b0        0xe c:/users/phara/.platformio/packages/toolchain-atmelavr/bin/../lib/gcc/avr/7.3.0/../../../../avr/lib/avr5\libm.a(addsf3.o)
                0x0000d9b0                __subsf3
                0x0000d9b2                __addsf3
 .text.avr-libc.fplib
                0x0000d9be       0xcc c:/users/phara/.platformio/packages/toolchain-atmelavr/bin/../lib/gcc/avr/7.3.0/../../../../avr/lib/avr5\libm.a(addsf3x.o)
                0x0000d9e0                __addsf3x
 .text.avr-libc.fplib
                0x0000da8a        0xa c:/users/phara/.platformio/packages/toolchain-atmelavr/bin/../lib/gcc/avr/7.3.0/../../../../avr/lib/avr5\libm.a(cmpsf2.o)
                0x0000da8a                __nesf2
                0x0000da8a                __eqsf2
                0x0000da8a                __cmpsf2
                0x0000da8a                __ltsf2
                0x0000da8a                __lesf2
 .text.avr-libc.fplib
                0x0000da94        0x8 c:/users/phara/.platformio/packages/toolchain-atmelavr/bin/../lib/gcc/avr/7.3.0/../../../../avr/lib/avr5\libm.a(divsf3.o)
                0x0000da94                __divsf3
 .text.avr-libc.fplib
                0x0000da9c       0xdc c:/users/phara/.platformio/packages/toolchain-atmelavr/bin/../lib/gcc/avr/7.3.0/../../../../avr/lib/avr5\libm.a(divsf3x.o)
                0x0000dabc                __divsf3x
                0x0000dac2                __divsf3_pse
 .text.avr-libc.fplib
                0x0000db78        0xe c:/users/phara/.platformio/packages/toolchain-atmelavr/bin/../lib/gcc/avr/7.3.0/../../../../avr/lib/avr5\libm.a(fixsfsi.o)
                0x0000db78                __fixsfsi
 .text.avr-libc.fplib
                0x0000db86       0x5e c:/users/phara/.platformio/packages/toolchain-atmelavr/bin/../lib/gcc/avr/7.3.0/../../../../avr/lib/avr5\libm.a(fixunssfsi.o)
                0x0000db86                __fixunssfsi
 .text.avr-libc.fplib
                0x0000dbe4       0x7a c:/users/phara/.platformio/packages/toolchain-atmelavr/bin/../lib/gcc/avr/7.3.0/../../../../avr/lib/avr5\libm.a(floatsisf.o)
                0x0000dbe4                __floatunsisf
                0x0000dbe8                __floatsisf
 .text.avr-libc.fplib
                0x0000dc5e       0x48 c:/users/phara/.platformio/packages/toolchain-atmelavr/bin/../lib/gcc/avr/7.3.0/../../../../avr/lib/avr5\libm.a(fp_cmp.o)
                0x0000dc5e                __fp_cmp
 .text.avr-libc.fplib
                0x0000dca6        0xc c:/users/phara/.platformio/packages/toolchain-atmelavr/bin/../lib/gcc/avr/7.3.0/../../../../avr/lib/avr5\libm.a(fp_inf.o)
                0x0000dca6                __fp_inf
 .text.avr-libc.fplib
                0x0000dcb2        0x6 c:/users/phara/.platformio/packages/toolchain-atmelavr/bin/../lib/gcc/avr/7.3.0/../../../../avr/lib/avr5\libm.a(fp_nan.o)
                0x0000dcb2                __fp_nan
 .text.avr-libc.fplib
                0x0000dcb8        0xe c:/users/phara/.platformio/packages/toolchain-atmelavr/bin/../lib/gcc/avr/7.3.0/../../../../avr/lib/avr5\libm.a(fp_pscA.o)
                0x0000dcb8                __fp_pscA
 .text.avr-libc.fplib
                0x0000dcc6        0xe c:/users/phara/.platformio/packages/toolchain-atmelavr/bin/../lib/gcc/avr/7.3.0/../../../../avr/lib/avr5\libm.a(fp_pscB.o)
                0x0000dcc6                __fp_pscB
 .text.avr-libc.fplib
                0x0000dcd4       0x22 c:/users/phara/.platformio/packages/toolchain-atmelavr/bin/../lib/gcc/avr/7.3.0/../../../../avr/lib/avr5\libm.a(fp_round.o)
                0x0000dcd4                __fp_round
 .text.avr-libc.fplib
                0x0000dcf6       0x44 c:/users/phara/.platformio/packages/toolchain-atmelavr/bin/../lib/gcc/avr/7.3.0/../../../../avr/lib/avr5\libm.a(fp_split3.o)
                0x0000dcf6                __fp_split3
                0x0000dd06                __fp_splitA
 .text.avr-libc.fplib
                0x0000dd3a        0xe c:/users/phara/.platformio/packages/toolchain-atmelavr/bin/../lib/gcc/avr/7.3.0/../../../../avr/lib/avr5\libm.a(fp_zero.o)
                0x0000dd3a                __fp_zero
                0x0000dd3c                __fp_szero
 .text.avr-libc.fplib
                0x0000dd48        0xa c:/users/phara/.platformio/packages/toolchain-atmelavr/bin/../lib/gcc/avr/7.3.0/../../../../avr/lib/avr5\libm.a(gesf2.o)
                0x0000dd48                __gesf2
                0x0000dd48                __gtsf2
 .text.avr-libc.fplib
                0x0000dd52        0x8 c:/users/phara/.platformio/packages/toolchain-atmelavr/bin/../lib/gcc/avr/7.3.0/../../../../avr/lib/avr5\libm.a(mulsf3.o)
                0x0000dd52                __mulsf3
 .text.avr-libc.fplib
                0x0000dd5a       0xd2 c:/users/phara/.platformio/packages/toolchain-atmelavr/bin/../lib/gcc/avr/7.3.0/../../../../avr/lib/avr5\libm.a(mulsf3x.o)
                0x0000dd78                __mulsf3x
                0x0000dd7e                __mulsf3_pse
 .text.avr-libc.fplib
                0x0000de2c        0xa c:/users/phara/.platformio/packages/toolchain-atmelavr/bin/../lib/gcc/avr/7.3.0/../../../../avr/lib/avr5\libm.a(unordsf2.o)
                0x0000de2c                __unordsf2
 .text.avr-libc
                0x0000de36        0xa c:/users/phara/.platformio/packages/toolchain-atmelavr/bin/../lib/gcc/avr/7.3.0/../../../../avr/lib/avr5\libc.a(abort.o)
                0x0000de36                abort
 .text.avr-libc
                0x0000de40       0x12 c:/users/phara/.platformio/packages/toolchain-atmelavr/bin/../lib/gcc/avr/7.3.0/../../../../avr/lib/avr5\libc.a(strlen.o)
                0x0000de40                strlen
 .text.avr-libc
                0x0000de52       0x1c c:/users/phara/.platformio/packages/toolchain-atmelavr/bin/../lib/gcc/avr/7.3.0/../../../../avr/lib/avr5\libc.a(strncmp.o)
                0x0000de52                strncmp
 .text.avr-libc
                0x0000de6e       0x1e c:/users/phara/.platformio/packages/toolchain-atmelavr/bin/../lib/gcc/avr/7.3.0/../../../../avr/lib/avr5\libc.a(strncpy.o)
                0x0000de6e                strncpy
 .text.avr-libc
                0x0000de8c       0x60 c:/users/phara/.platformio/packages/toolchain-atmelavr/bin/../lib/gcc/avr/7.3.0/../../../../avr/lib/avr5\libc.a(snprintf.o)
                0x0000de8c                snprintf
 .text.avr-libc
                0x0000deec      0x3b4 c:/users/phara/.platformio/packages/toolchain-atmelavr/bin/../lib/gcc/avr/7.3.0/../../../../avr/lib/avr5\libc.a(vfprintf_std.o)
                0x0000deec                vfprintf
 .text.avr-libc
                0x0000e2a0       0x16 c:/users/phara/.platformio/packages/toolchain-atmelavr/bin/../lib/gcc/avr/7.3.0/../../../../avr/lib/avr5\libc.a(strnlen_P.o)
                0x0000e2a0                strnlen_P
 .text.avr-libc
                0x0000e2b6       0x16 c:/users/phara/.platformio/packages/toolchain-atmelavr/bin/../lib/gcc/avr/7.3.0/../../../../avr/lib/avr5\libc.a(strnlen.o)
                0x0000e2b6                strnlen
 .text.avr-libc
                0x0000e2cc       0x60 c:/users/phara/.platformio/packages/toolchain-atmelavr/bin/../lib/gcc/avr/7.3.0/../../../../avr/lib/avr5\libc.a(fputc.o)
                0x0000e2cc                fputc
 .text.avr-libc
                0x0000e32c       0xbc c:/users/phara/.platformio/packages/toolchain-atmelavr/bin/../lib/gcc/avr/7.3.0/../../../../avr/lib/avr5\libc.a(ultoa_invert.o)
                0x0000e32c                __ultoa_invert
 .text.libgcc.prologue
                0x0000e3e8       0x38 c:/users/phara/.platformio/packages/toolchain-atmelavr/bin/../lib/gcc/avr/7.3.0/avr5\libgcc.a(_prologue.o)
                0x0000e3e8                __prologue_saves__
 .text.libgcc.prologue
                0x0000e420       0x36 c:/users/phara/.platformio/packages/toolchain-atmelavr/bin/../lib/gcc/avr/7.3.0/avr5\libgcc.a(_epilogue.o)
                0x0000e420                __epilogue_restores__
                0x0000e456                . = ALIGN (0x2)
 *(.fini9)
 .fini9         0x0000e456        0x0 c:/users/phara/.platformio/packages/toolchain-atmelavr/bin/../lib/gcc/avr/7.3.0/avr5\libgcc.a(_exit.o)
                0x0000e456                _exit
                0x0000e456                exit
 *(.fini9)
 *(.fini8)
 *(.fini8)
 *(.fini7)
 *(.fini7)
 *(.fini6)
 *(.fini6)
 *(.fini5)
 *(.fini5)
 *(.fini4)
 *(.fini4)
 *(.fini3)
 *(.fini3)
 *(.fini2)
 *(.fini2)
 *(.fini1)
 *(.fini1)
 *(.fini0)
 .fini0         0x0000e456        0x4 c:/users/phara/.platformio/packages/toolchain-atmelavr/bin/../lib/gcc/avr/7.3.0/avr5\libgcc.a(_exit.o)
 *(.fini0)
                0x0000e45a                _etext = .

.data           0x00800100      0x51a load address 0x0000e45a
                0x00800100                PROVIDE (__data_start, .)
 *(.data)
 .data          0x00800100        0x8 C:\Users\phara\AppData\Local\Temp\ccYtABos.ltrans0.ltrans.o
 .data          0x00800108        0x4 c:/users/phara/.platformio/packages/toolchain-atmelavr/bin/../lib/gcc/avr/7.3.0/../../../../avr/lib/avr5\libc.a(random.o)
 *(.data*)
 *(.gnu.linkonce.d*)
 *(.rodata)
 .rodata        0x0080010c      0x2be C:\Users\phara\AppData\Local\Temp\ccYtABos.ltrans0.ltrans.o
 *(.rodata*)
 .rodata.str1.1
                0x008003ca      0x24f C:\Users\phara\AppData\Local\Temp\ccYtABos.ltrans0.ltrans.o
                                0x251 (size before relaxing)
 *(.gnu.linkonce.r*)
                0x0080061a                . = ALIGN (0x2)
 *fill*         0x00800619        0x1 
                0x0080061a                _edata = .
                0x0080061a                PROVIDE (__data_end, .)

.bss            0x0080061a      0x593
                0x0080061a                PROVIDE (__bss_start, .)
 *(.bss)
 .bss           0x0080061a      0x58f C:\Users\phara\AppData\Local\Temp\ccYtABos.ltrans0.ltrans.o
 *(.bss*)
 *(COMMON)
 COMMON         0x00800ba9        0x4 c:/users/phara/.platformio/packages/toolchain-atmelavr/bin/../lib/gcc/avr/7.3.0/../../../../avr/lib/avr5\libc.a(malloc.o)
                0x00800ba9                __brkval
                0x00800bab                __flp
                0x00800bad                PROVIDE (__bss_end, .)
                0x0000e45a                __data_load_start = LOADADDR (.data)
                0x0000e974                __data_load_end = (__data_load_start + SIZEOF (.data))

.noinit         0x00800bad        0x0
                [!provide]                PROVIDE (__noinit_start, .)
 *(.noinit*)
                [!provide]                PROVIDE (__noinit_end, .)
                0x00800bad                _end = .
                0x00800bad                PROVIDE (__heap_start, .)

.eeprom         0x00810000        0x0
 *(.eeprom*)
                0x00810000                __eeprom_end = .

.fuse
 *(.fuse)
 *(.lfuse)
 *(.hfuse)
 *(.efuse)

.lock
 *(.lock*)

.signature
 *(.signature*)

.user_signatures
 *(.user_signatures*)

.stab
 *(.stab)

.stabstr
 *(.stabstr)

.stab.excl
 *(.stab.excl)

.stab.exclstr
 *(.stab.exclstr)

.stab.index
 *(.stab.index)

.stab.indexstr
 *(.stab.indexstr)

.comment        0x00000000       0x11
 *(.comment)
 .comment       0x00000000       0x12 C:\Users\phara\AppData\Local\Temp\ccYtABos.ltrans0.ltrans.o
 .comment       0x00000000       0x11 c:/users/phara/.platformio/packages/toolchain-atmelavr/bin/../lib/gcc/avr/7.3.0/../../../../avr/lib/avr5\libc.a(malloc.o)
                                 0x12 (size before relaxing)
 .comment       0x00000011       0x12 c:/users/phara/.platformio/packages/toolchain-atmelavr/bin/../lib/gcc/avr/7.3.0/../../../../avr/lib/avr5\libc.a(random.o)
 .comment       0x00000011       0x12 c:/users/phara/.platformio/packages/toolchain-atmelavr/bin/../lib/gcc/avr/7.3.0/../../../../avr/lib/avr5\libc.a(snprintf.o)
 .comment       0x00000011       0x12 c:/users/phara/.platformio/packages/toolchain-atmelavr/bin/../lib/gcc/avr/7.3.0/../../../../avr/lib/avr5\libc.a(vfprintf_std.o)
 .comment       0x00000011       0x12 c:/users/phara/.platformio/packages/toolchain-atmelavr/bin/../lib/gcc/avr/7.3.0/../../../../avr/lib/avr5\libc.a(fputc.o)

.note.gnu.avr.deviceinfo
                0x00000000       0x40
 .note.gnu.avr.deviceinfo
                0x00000000       0x40 c:/users/phara/.platformio/packages/toolchain-atmelavr/bin/../lib/gcc/avr/7.3.0/../../../../avr/lib/avr5/crtatmega328p.o

.note.gnu.build-id
 *(.note.gnu.build-id)

.debug
 *(.debug)

.line
 *(.line)

.debug_srcinfo
 *(.debug_srcinfo)

.debug_sfnames
 *(.debug_sfnames)

.debug_aranges  0x00000000      0x200
 *(.debug_aranges)
 .debug_aranges
                0x00000000       0x20 c:/users/phara/.platformio/packages/toolchain-atmelavr/bin/../lib/gcc/avr/7.3.0/avr5\libgcc.a(_exit.o)
 .debug_aranges
                0x00000020       0x20 c:/users/phara/.platformio/packages/toolchain-atmelavr/bin/../lib/gcc/avr/7.3.0/avr5\libgcc.a(_divmodsi4.o)
 .debug_aranges
                0x00000040       0x20 c:/users/phara/.platformio/packages/toolchain-atmelavr/bin/../lib/gcc/avr/7.3.0/avr5\libgcc.a(_negsi2.o)
 .debug_aranges
                0x00000060       0x20 c:/users/phara/.platformio/packages/toolchain-atmelavr/bin/../lib/gcc/avr/7.3.0/avr5\libgcc.a(_copy_data.o)
 .debug_aranges
                0x00000080       0x20 c:/users/phara/.platformio/packages/toolchain-atmelavr/bin/../lib/gcc/avr/7.3.0/avr5\libgcc.a(_clear_bss.o)
 .debug_aranges
                0x000000a0       0x20 c:/users/phara/.platformio/packages/toolchain-atmelavr/bin/../lib/gcc/avr/7.3.0/avr5\libgcc.a(_muluhisi3.o)
 .debug_aranges
                0x000000c0       0x20 c:/users/phara/.platformio/packages/toolchain-atmelavr/bin/../lib/gcc/avr/7.3.0/avr5\libgcc.a(_mulshisi3.o)
 .debug_aranges
                0x000000e0       0x20 c:/users/phara/.platformio/packages/toolchain-atmelavr/bin/../lib/gcc/avr/7.3.0/avr5\libgcc.a(_udivmodsi4.o)
 .debug_aranges
                0x00000100       0x20 c:/users/phara/.platformio/packages/toolchain-atmelavr/bin/../lib/gcc/avr/7.3.0/avr5\libgcc.a(_umulhisi3.o)
 .debug_aranges
                0x00000120       0x20 c:/users/phara/.platformio/packages/toolchain-atmelavr/bin/../lib/gcc/avr/7.3.0/avr5\libgcc.a(_mulsi3.o)
 .debug_aranges
                0x00000140       0x20 c:/users/phara/.platformio/packages/toolchain-atmelavr/bin/../lib/gcc/avr/7.3.0/avr5\libgcc.a(_divmodhi4.o)
 .debug_aranges
                0x00000160       0x20 c:/users/phara/.platformio/packages/toolchain-atmelavr/bin/../lib/gcc/avr/7.3.0/avr5\libgcc.a(_tablejump2.o)
 .debug_aranges
                0x00000180       0x20 c:/users/phara/.platformio/packages/toolchain-atmelavr/bin/../lib/gcc/avr/7.3.0/avr5\libgcc.a(_ctors.o)
 .debug_aranges
                0x000001a0       0x20 c:/users/phara/.platformio/packages/toolchain-atmelavr/bin/../lib/gcc/avr/7.3.0/avr5\libgcc.a(_udivmodhi4.o)
 .debug_aranges
                0x000001c0       0x20 c:/users/phara/.platformio/packages/toolchain-atmelavr/bin/../lib/gcc/avr/7.3.0/avr5\libgcc.a(_prologue.o)
 .debug_aranges
                0x000001e0       0x20 c:/users/phara/.platformio/packages/toolchain-atmelavr/bin/../lib/gcc/avr/7.3.0/avr5\libgcc.a(_epilogue.o)

.debug_pubnames
 *(.debug_pubnames)

.debug_info     0x00000000      0xf54
 *(.debug_info .gnu.linkonce.wi.*)
 .debug_info    0x00000000      0x5f4 c:/users/phara/.platformio/packages/toolchain-atmelavr/bin/../lib/gcc/avr/7.3.0/../../../../avr/lib/avr5/crtatmega328p.o
 .debug_info    0x000005f4       0x96 c:/users/phara/.platformio/packages/toolchain-atmelavr/bin/../lib/gcc/avr/7.3.0/avr5\libgcc.a(_exit.o)
 .debug_info    0x0000068a       0x96 c:/users/phara/.platformio/packages/toolchain-atmelavr/bin/../lib/gcc/avr/7.3.0/avr5\libgcc.a(_divmodsi4.o)
 .debug_info    0x00000720       0x96 c:/users/phara/.platformio/packages/toolchain-atmelavr/bin/../lib/gcc/avr/7.3.0/avr5\libgcc.a(_negsi2.o)
 .debug_info    0x000007b6       0x96 c:/users/phara/.platformio/packages/toolchain-atmelavr/bin/../lib/gcc/avr/7.3.0/avr5\libgcc.a(_copy_data.o)
 .debug_info    0x0000084c       0x96 c:/users/phara/.platformio/packages/toolchain-atmelavr/bin/../lib/gcc/avr/7.3.0/avr5\libgcc.a(_clear_bss.o)
 .debug_info    0x000008e2       0x96 c:/users/phara/.platformio/packages/toolchain-atmelavr/bin/../lib/gcc/avr/7.3.0/avr5\libgcc.a(_muluhisi3.o)
 .debug_info    0x00000978       0x96 c:/users/phara/.platformio/packages/toolchain-atmelavr/bin/../lib/gcc/avr/7.3.0/avr5\libgcc.a(_mulshisi3.o)
 .debug_info    0x00000a0e       0x96 c:/users/phara/.platformio/packages/toolchain-atmelavr/bin/../lib/gcc/avr/7.3.0/avr5\libgcc.a(_udivmodsi4.o)
 .debug_info    0x00000aa4       0x96 c:/users/phara/.platformio/packages/toolchain-atmelavr/bin/../lib/gcc/avr/7.3.0/avr5\libgcc.a(_umulhisi3.o)
 .debug_info    0x00000b3a       0x96 c:/users/phara/.platformio/packages/toolchain-atmelavr/bin/../lib/gcc/avr/7.3.0/avr5\libgcc.a(_mulsi3.o)
 .debug_info    0x00000bd0       0x96 c:/users/phara/.platformio/packages/toolchain-atmelavr/bin/../lib/gcc/avr/7.3.0/avr5\libgcc.a(_divmodhi4.o)
 .debug_info    0x00000c66       0x96 c:/users/phara/.platformio/packages/toolchain-atmelavr/bin/../lib/gcc/avr/7.3.0/avr5\libgcc.a(_tablejump2.o)
 .debug_info    0x00000cfc       0x96 c:/users/phara/.platformio/packages/toolchain-atmelavr/bin/../lib/gcc/avr/7.3.0/avr5\libgcc.a(_ctors.o)
 .debug_info    0x00000d92       0x96 c:/users/phara/.platformio/packages/toolchain-atmelavr/bin/../lib/gcc/avr/7.3.0/avr5\libgcc.a(_udivmodhi4.o)
 .debug_info    0x00000e28       0x96 c:/users/phara/.platformio/packages/toolchain-atmelavr/bin/../lib/gcc/avr/7.3.0/avr5\libgcc.a(_prologue.o)
 .debug_info    0x00000ebe       0x96 c:/users/phara/.platformio/packages/toolchain-atmelavr/bin/../lib/gcc/avr/7.3.0/avr5\libgcc.a(_epilogue.o)

.debug_abbrev   0x00000000      0x6e2
 *(.debug_abbrev)
 .debug_abbrev  0x00000000      0x5a2 c:/users/phara/.platformio/packages/toolchain-atmelavr/bin/../lib/gcc/avr/7.3.0/../../../../avr/lib/avr5/crtatmega328p.o
 .debug_abbrev  0x000005a2       0x14 c:/users/phara/.platformio/packages/toolchain-atmelavr/bin/../lib/gcc/avr/7.3.0/avr5\libgcc.a(_exit.o)
 .debug_abbrev  0x000005b6       0x14 c:/users/phara/.platformio/packages/toolchain-atmelavr/bin/../lib/gcc/avr/7.3.0/avr5\libgcc.a(_divmodsi4.o)
 .debug_abbrev  0x000005ca       0x14 c:/users/phara/.platformio/packages/toolchain-atmelavr/bin/../lib/gcc/avr/7.3.0/avr5\libgcc.a(_negsi2.o)
 .debug_abbrev  0x000005de       0x14 c:/users/phara/.platformio/packages/toolchain-atmelavr/bin/../lib/gcc/avr/7.3.0/avr5\libgcc.a(_copy_data.o)
 .debug_abbrev  0x000005f2       0x14 c:/users/phara/.platformio/packages/toolchain-atmelavr/bin/../lib/gcc/avr/7.3.0/avr5\libgcc.a(_clear_bss.o)
 .debug_abbrev  0x00000606       0x14 c:/users/phara/.platformio/packages/toolchain-atmelavr/bin/../lib/gcc/avr/7.3.0/avr5\libgcc.a(_muluhisi3.o)
 .debug_abbrev  0x0000061a       0x14 c:/users/phara/.platformio/packages/toolchain-atmelavr/bin/../lib/gcc/avr/7.3.0/avr5\libgcc.a(_mulshisi3.o)
 .debug_abbrev  0x0000062e       0x14 c:/users/phara/.platformio/packages/toolchain-atmelavr/bin/../lib/gcc/avr/7.3.0/avr5\libgcc.a(_udivmodsi4.o)
 .debug_abbrev  0x00000642       0x14 c:/users/phara/.platformio/packages/toolchain-atmelavr/bin/../lib/gcc/avr/7.3.0/avr5\libgcc.a(_umulhisi3.o)
 .debug_abbrev  0x00000656       0x14 c:/users/phara/.platformio/packages/toolchain-atmelavr/bin/../lib/gcc/avr/7.3.0/avr5\libgcc.a(_mulsi3.o)
 .debug_abbrev  0x0000066a       0x14 c:/users/phara/.platformio/packages/toolchain-atmelavr/bin/../lib/gcc/avr/7.3.0/avr5\libgcc.a(_divmodhi4.o)
 .debug_abbrev  0x0000067e       0x14 c:/users/phara/.platformio/packages/toolchain-atmelavr/bin/../lib/gcc/avr/7.3.0/avr5\libgcc.a(_tablejump2.o)
 .debug_abbrev  0x00000692       0x14 c:/users/phara/.platformio/packages/toolchain-atmelavr/bin/../lib/gcc/avr/7.3.0/avr5\libgcc.a(_ctors.o)
 .debug_abbrev  0x000006a6       0x14 c:/users/phara/.platformio/packages/toolchain-atmelavr/bin/../lib/gcc/avr/7.3.0/avr5\libgcc.a(_udivmodhi4.o)
 .debug_abbrev  0x000006ba       0x14 c:/users/phara/.platformio/packages/toolchain-atmelavr/bin/../lib/gcc/avr/7.3.0/avr5\libgcc.a(_prologue.o)
 .debug_abbrev  0x000006ce       0x14 c:/users/phara/.platformio/packages/toolchain-atmelavr/bin/../lib/gcc/avr/7.3.0/avr5\libgcc.a(_epilogue.o)

.debug_line     0x00000000      0xaf0
 *(.debug_line .debug_line.* .debug_line_end)
 .debug_line    0x00000000       0x1a c:/users/phara/.platformio/packages/toolchain-atmelavr/bin/../lib/gcc/avr/7.3.0/../../../../avr/lib/avr5/crtatmega328p.o
 .debug_line    0x0000001a       0x62 c:/users/phara/.platformio/packages/toolchain-atmelavr/bin/../lib/gcc/avr/7.3.0/avr5\libgcc.a(_exit.o)
 .debug_line    0x0000007c       0xce c:/users/phara/.platformio/packages/toolchain-atmelavr/bin/../lib/gcc/avr/7.3.0/avr5\libgcc.a(_divmodsi4.o)
 .debug_line    0x0000014a       0x62 c:/users/phara/.platformio/packages/toolchain-atmelavr/bin/../lib/gcc/avr/7.3.0/avr5\libgcc.a(_negsi2.o)
 .debug_line    0x000001ac       0x98 c:/users/phara/.platformio/packages/toolchain-atmelavr/bin/../lib/gcc/avr/7.3.0/avr5\libgcc.a(_copy_data.o)
 .debug_line    0x00000244       0x86 c:/users/phara/.platformio/packages/toolchain-atmelavr/bin/../lib/gcc/avr/7.3.0/avr5\libgcc.a(_clear_bss.o)
 .debug_line    0x000002ca       0x92 c:/users/phara/.platformio/packages/toolchain-atmelavr/bin/../lib/gcc/avr/7.3.0/avr5\libgcc.a(_muluhisi3.o)
 .debug_line    0x0000035c       0x7a c:/users/phara/.platformio/packages/toolchain-atmelavr/bin/../lib/gcc/avr/7.3.0/avr5\libgcc.a(_mulshisi3.o)
 .debug_line    0x000003d6      0x122 c:/users/phara/.platformio/packages/toolchain-atmelavr/bin/../lib/gcc/avr/7.3.0/avr5\libgcc.a(_udivmodsi4.o)
 .debug_line    0x000004f8       0xb0 c:/users/phara/.platformio/packages/toolchain-atmelavr/bin/../lib/gcc/avr/7.3.0/avr5\libgcc.a(_umulhisi3.o)
 .debug_line    0x000005a8       0xb0 c:/users/phara/.platformio/packages/toolchain-atmelavr/bin/../lib/gcc/avr/7.3.0/avr5\libgcc.a(_mulsi3.o)
 .debug_line    0x00000658       0xc8 c:/users/phara/.platformio/packages/toolchain-atmelavr/bin/../lib/gcc/avr/7.3.0/avr5\libgcc.a(_divmodhi4.o)
 .debug_line    0x00000720       0x7a c:/users/phara/.platformio/packages/toolchain-atmelavr/bin/../lib/gcc/avr/7.3.0/avr5\libgcc.a(_tablejump2.o)
 .debug_line    0x0000079a       0x92 c:/users/phara/.platformio/packages/toolchain-atmelavr/bin/../lib/gcc/avr/7.3.0/avr5\libgcc.a(_ctors.o)
 .debug_line    0x0000082c       0xce c:/users/phara/.platformio/packages/toolchain-atmelavr/bin/../lib/gcc/avr/7.3.0/avr5\libgcc.a(_udivmodhi4.o)
 .debug_line    0x000008fa       0xfe c:/users/phara/.platformio/packages/toolchain-atmelavr/bin/../lib/gcc/avr/7.3.0/avr5\libgcc.a(_prologue.o)
 .debug_line    0x000009f8       0xf8 c:/users/phara/.platformio/packages/toolchain-atmelavr/bin/../lib/gcc/avr/7.3.0/avr5\libgcc.a(_epilogue.o)

.debug_frame
 *(.debug_frame)

.debug_str      0x00000000      0x208
 *(.debug_str)
 .debug_str     0x00000000      0x208 c:/users/phara/.platformio/packages/toolchain-atmelavr/bin/../lib/gcc/avr/7.3.0/../../../../avr/lib/avr5/crtatmega328p.o

.debug_loc
 *(.debug_loc)

.debug_macinfo
 *(.debug_macinfo)

.debug_weaknames
 *(.debug_weaknames)

.debug_funcnames
 *(.debug_funcnames)

.debug_typenames
 *(.debug_typenames)

.debug_varnames
 *(.debug_varnames)

.debug_pubtypes
 *(.debug_pubtypes)

.debug_ranges
 *(.debug_ranges)

.debug_macro
 *(.debug_macro)
OUTPUT(.pio\build\uno_debug\firmware.elf elf32-avr)
LOAD linker stubs
